=== E3a: OMEN dead, WMI 0x10 every 60s ===
HPOmenCap=Stopped  omen procs=0
   0s  EC[0x29]=0x01
OCCN cleared
# label=e3a_wmi10 threads=12 secs=200  EC[0x29]=0x01 idle  (OCCM=1 MAXF=0 OCCN=0)
# WMI 0x10 (OCCN refresh) every 60 s: WMI cmd=0x20008 type=0x10 in=[00 00 00 00] -> rc=0x00 out=[02 00 00 00 00 00 00 00]
t(s)   W      MHz   T(C)  PL1/PL2  0x64F       EC29 EC-changes
   5    75.4   4000    74   90/90   0x00000000  81   29:01>81 A7:34>44 B0:37>3F B1:37>3F B3:34>44 B4:27>29 B6:29>2A DB:40>50 E3:86>88 F1:56>28
  20    54.1   3200    60   90/90   0x00000000  81   A7:44>3C B0:3F>3C B1:3F>3C B2:2B>2D B3:44>3C B4:29>28 B6:2A>2B C6:1E>20 E3:88>86 E7:89>88 F1:28>09
  44    44.9   3300    60   90/90   0x00000000  81   06:50>10 A7:3C>3D B2:2D>2E B3:3C>3D B4:28>29 C6:20>1E F1:09>02 F2:00>14
   -> WMI cmd=0x20008 type=0x10 in=[00 00 00 00] -> rc=0x00 out=[02 00 00 00 00 00 00 00]
  66    44.9   3200    60   90/90   0x00000000  81   06:10>50 A7:3D>3C B0:3C>3D B1:3C>3D B3:3D>3C B6:2B>2C F1:02>2C F2:14>00
  89    44.9   3200    60   90/90   0x00000000  81   B0:3D>3C B1:3D>3C E7:88>89 F1:2C>30
 113    44.9   3200    60   90/90   0x00000000  81   B0:3C>3D B1:3C>3D B2:2E>2F DB:50>40 E3:86>88 E7:89>88
   -> WMI cmd=0x20008 type=0x10 in=[00 00 00 00] -> rc=0x00 out=[02 00 00 00 00 00 00 00]
 141    44.9   3200    60   90/90   0x00000000  81   A7:3C>3D B3:3C>3D C6:1E>1F DB:40>50 F1:30>01 F2:00>14
 165    44.9   3200    60   90/90   0x00000000  81   C6:1F>20 E3:88>86 E7:88>89 F1:01>22 F2:14>00
 187    44.9   3200    60   90/90   0x00000000  01   29:81>01 B6:2C>2D C6:20>1F E7:89>88 F1:22>0A F2:00>04
# AVG watts 30-60s: 44.9   60s-end: 44.9   last40s: 44.9
=== wait for OCCN to expire ===
HPOmenCap=Stopped  omen procs=0
   0s  EC[0x29]=0x01
OCCN cleared
=== E3b: OMEN dead, direct EC[0x29]|=0x80 every 60s ===
# label=e3b_ecwrite threads=12 secs=200  EC[0x29]=0x01 idle  (OCCM=1 MAXF=0 OCCN=0)
# direct EC write EC[0x29] |= 0x80 every 60 s: write ok=True -> EC[0x29]=0x81  OCCM=1 MAXF=0 OCCN=1
t(s)   W      MHz   T(C)  PL1/PL2  0x64F       EC29 EC-changes
   5    50.5   3400    62   90/90   0x00000000  81   29:01>81 A7:3D>3E B0:3B>3F B1:3B>3F B3:3D>3E B4:29>2A C6:20>1E F1:02>04 F2:14>11
  28    44.9   3300    63   90/90   0x00000000  81   B0:3F>FF B1:3F>3E DB:50>40 F1:04>0C F2:11>00
  57    44.9   3200    61   90/90   0x00000000  81   A7:3E>3D B0:FF>3D B1:3E>3D B3:3E>3D C6:1E>1D E3:86>88 F1:0C>08 F2:00>0A
   -> EC[0x29] |= 0x80 ok=True now EC[0x29]=0x81  OCCM=1 MAXF=0 OCCN=1
  77    44.9   3100    60   90/90   0x00000000  81   DB:40>50 E7:88>89 F1:08>0A
 106    44.9   3200    60   90/90   0x00000000  81   B4:2A>29 C6:1D>1E E7:89>88 F1:0A>00 F2:0A>06
 130    44.9   3100    60   90/90   0x00000000  81   A7:3D>3E B3:3D>3E CF:1F>20 F1:00>07 F2:06>14
   -> EC[0x29] |= 0x80 ok=True now EC[0x29]=0x81  OCCM=1 MAXF=0 OCCN=1
 156    44.9   3300    61   90/90   0x00000000  81   A7:3E>3D B3:3E>3D C6:1E>1F E3:88>86 F1:07>06
 182    44.9   3200    63   90/90   0x00000000  01   29:81>01 B3:3D>3E B4:29>2A F1:06>05
# AVG watts 30-60s: 44.9   60s-end: 44.9   last40s: 44.9
CHAIN-DONE
