# label=runA threads=12 secs=200  EC[0x29]=0x01 idle  (OCCM=1 MAXF=0 OCCN=0)
# WMI 0x10 (OCCN refresh) every 60 s: WMI cmd=0x20008 type=0x10 in=[00 00 00 00] -> rc=0x00 out=[02 00 00 00 00 00 00 00]
# fresh WMI 0x1A performance set: WMI cmd=0x20008 type=0x1A in=[FF 01 00 00] -> rc=0x00 out=[00 00 00 00 00 00 00 00]
t(s)   W      MHz   T(C)  PL1/PL2  0x64F       EC29 EC-changes
   5    73.8   4000    74   90/90   0x00000000  81   29:01>81 A7:37>42 B0:37>4C B1:37>4C B3:37>42 B4:28>29 E7:88>89 F1:0F>07 F2:00>08
  19    53.2   3200    60   90/90   0x00000000  81   A7:42>40 B0:4C>3C B1:4C>3C B2:2D>2E B3:42>40 B6:2B>2C C6:1D>1F E3:88>86 E7:89>88 F1:07>02 F2:08>00
   -> WMI cmd=0x20008 type=0x23 in=[00 00 00 00] -> rc=0x00 out=[23 00 00 00 00 00 00 00]
  43    44.9   3200    59   90/90   0x00000000  81   06:50>10 A7:40>3C B3:40>3C B4:29>28 C6:1F>1D DB:50>40 F1:02>04 F2:00>0F
   -> WMI cmd=0x20008 type=0x10 in=[00 00 00 00] -> rc=0x00 out=[02 00 00 00 00 00 00 00]
  66    44.9   3300    60   90/90   0x00000000  81   06:10>50 C6:1D>1F DB:40>50 F1:04>4E F2:0F>00
   -> WMI cmd=0x20008 type=0x23 in=[00 00 00 00] -> rc=0x00 out=[23 00 00 00 00 00 00 00]
  96    44.9   3200    59   90/90   0x00000000  01   29:81>01 B6:2C>2B B7:23>22 F1:4E>07 F2:00>14
 121    44.9   3300    59   90/90   0x00000000  01   C6:1F>1E F1:07>00
   -> WMI cmd=0x20008 type=0x10 in=[00 00 00 00] -> rc=0x00 out=[02 00 00 00 00 00 00 00]
   -> WMI cmd=0x20008 type=0x23 in=[00 00 00 00] -> rc=0x00 out=[22 00 00 00 00 00 00 00]
 149    44.9   3300    60   90/90   0x00000000  81   29:01>81 A8:1F>1E C6:1E>1F F1:00>09
 170    44.9   3300    59   90/90   0x00000000  81   C6:1F>1D
   -> WMI cmd=0x20008 type=0x23 in=[00 00 00 00] -> rc=0x00 out=[22 00 00 00 00 00 00 00]
 194    44.9   3300    60   90/90   0x00000000  81   DB:50>40 E3:86>88 F1:09>61 F2:14>00
# AVG watts 30-60s: 44.9   60s-end: 44.9   last40s: 44.9
