# label=runD threads=12 secs=200  EC[0x29]=0x81 idle  (OCCM=1 MAXF=0 OCCN=1)
# WMI 0x10 (OCCN refresh) every 60 s: WMI cmd=0x20008 type=0x10 in=[00 00 00 00] -> rc=0x00 out=[02 00 00 00 00 00 00 00]
# fresh WMI 0x1A performance set: WMI cmd=0x20008 type=0x1A in=[FF 01 00 00] -> rc=0x00 out=[00 00 00 00 00 00 00 00]
t(s)   W      MHz   T(C)  PL1/PL2  0x64F       EC29 EC-changes
   5    73.2   4000    69   90/90   0x00000000  81   A7:2C>41 B0:32>46 B1:32>46 B2:27>28 B3:2C>41 B4:23>25 C6:1D>1E E3:86>88 F1:05>09 F2:01>13
  15    76.5   4000    71   90/90   0x00000000  81   A7:41>3B B0:46>3B B1:46>3B B2:28>2A B3:41>3B B4:25>26 B6:25>28 C6:1E>1D E3:88>86 F1:09>06
   -> WMI cmd=0x20008 type=0x23 in=[00 00 00 00] -> rc=0x00 out=[21 00 00 00 00 00 00 00]
  39    45.3   3200    56   90/90   0x00000000  81   A7:3B>3A B0:3B>3A B1:3B>3A B2:2A>2B B3:3B>3A B6:28>29 F1:06>42 F2:13>00
   -> WMI cmd=0x20008 type=0x10 in=[00 00 00 00] -> rc=0x00 out=[02 00 00 00 00 00 00 00]
   -> WMI cmd=0x20008 type=0x1A in=[FF 01 00 00] -> rc=0x00 out=[00 00 00 00 00 00 00 00]
  63    44.9   3200    57   90/90   0x00000000  81   B0:3A>3B B1:3A>3B B4:26>27 B6:29>2A C6:1D>1F F1:42>48
   -> WMI cmd=0x20008 type=0x23 in=[00 00 00 00] -> rc=0x00 out=[21 00 00 00 00 00 00 00]
  87    44.9   3300    58   90/90   0x00000000  81   B2:2B>2C C6:1F>1E F1:48>08 F2:00>14
 109    44.9   3300    58   90/90   0x00000000  81   A7:3A>3B B0:3B>3A B1:3B>3A C6:1E>1D E3:86>88 F1:08>36 F2:14>00
   -> WMI cmd=0x20008 type=0x10 in=[00 00 00 00] -> rc=0x00 out=[02 00 00 00 00 00 00 00]
   -> WMI cmd=0x20008 type=0x23 in=[00 00 00 00] -> rc=0x00 out=[21 00 00 00 00 00 00 00]
   -> WMI cmd=0x20008 type=0x1A in=[FF 01 00 00] -> rc=0x00 out=[00 00 00 00 00 00 00 00]
 133    44.9   3300    58   90/90   0x00000000  81   A7:3B>3A B0:3A>3B B1:3A>3B B2:2C>2D DB:50>40 E3:88>86 F1:36>02 F2:00>14
 161    44.9   3300    58   90/90   0x00000000  81   A7:3A>3B B3:3A>3B B6:2A>2B E3:86>88 F1:02>00 F2:14>08
   -> WMI cmd=0x20008 type=0x23 in=[00 00 00 00] -> rc=0x00 out=[21 00 00 00 00 00 00 00]
 184    44.9   3200    58   90/90   0x00000000  81   B2:2D>2C E3:88>86 F2:08>06
# AVG watts 30-60s: 45.3   60s-end: 44.9   last40s: 44.9
