=== SERIES start 21:17:37 ===
--- Run A: fresh 0x1A + 0x23/30s + 0x10/60s ---
A last40s=44.9 W
--- Run D: 0x1A every 60s + 0x23/30s + 0x10/60s ---
D last40s=44.9 W
--- E4: balanced via WMI, then direct EC write OCCM=1 at 70s ---
  55    44.9   3300  00
  60    45.0   3300  00
  65    44.9   3300  00
   -> direct EC write 0x29:=0x81 ok=True ; EC[0x29]=0x81  OCCM=1 MAXF=0 OCCN=1
  70    44.9   3300  81
  75    44.9   3300  81
  80    44.9   3300  81
  85    45.0   3200  81
  91    44.9   3200  81
  96    45.0   3200  81
 101    44.9   3300  81
 106    44.9   3300  81
 111    44.9   3300  81
 116    44.9   3300  81
 121    44.9   3200  81
 126    45.0   3300  81
 131    44.9   3200  81
 136    44.9   3300  81
 141    44.9   3200  81
 146    44.9   3300  81
 151    44.9   3200  81
 156    45.0   3300  81
 161    44.9   3300  81
 166    44.9   3300  81
 171    44.9   3300  81
 176    44.9   3300  81
 181    44.9   3300  81
== restore: performance via WMI ==
WMI cmd=0x20008 type=0x1A in=[FF 01 00 00] -> rc=0x00 out=[00 00 00 00 00 00 00 
EC[0x29]=0x81  OCCM=1 MAXF=0 OCCN=1
=== SERIES done 21:30:49 ===
